<html>
<body>
<h2>
My CD Collection
</h2>
<p>
<xsl:apply-templates select="title" />
<xsl:apply-templates select="artist" />
</p>
<p>
<xsl:apply-templates select="title" />
<xsl:apply-templates select="artist" />
</p>
<p>
<xsl:apply-templates select="title" />
<xsl:apply-templates select="artist" />
</p>
<p>
<xsl:apply-templates select="title" />
<xsl:apply-templates select="artist" />
</p>
<p>
<xsl:apply-templates select="title" />
<xsl:apply-templates select="artist" />
</p>
<p>
<xsl:apply-templates select="title" />
<xsl:apply-templates select="artist" />
</p>
<p>
<xsl:apply-templates select="title" />
<xsl:apply-templates select="artist" />
</p>
<p>
<xsl:apply-templates select="title" />
<xsl:apply-templates select="artist" />
</p>
<p>
<xsl:apply-templates select="title" />
<xsl:apply-templates select="artist" />
</p>
<p>
<xsl:apply-templates select="title" />
<xsl:apply-templates select="artist" />
</p>
<p>
<xsl:apply-templates select="title" />
<xsl:apply-templates select="artist" />
</p>
<p>
<xsl:apply-templates select="title" />
<xsl:apply-templates select="artist" />
</p>
<p>
<xsl:apply-templates select="title" />
<xsl:apply-templates select="artist" />
</p>
<p>
<xsl:apply-templates select="title" />
<xsl:apply-templates select="artist" />
</p>
<p>
<xsl:apply-templates select="title" />
<xsl:apply-templates select="artist" />
</p>
<p>
<xsl:apply-templates select="title" />
<xsl:apply-templates select="artist" />
</p>
<p>
<xsl:apply-templates select="title" />
<xsl:apply-templates select="artist" />
</p>
<p>
<xsl:apply-templates select="title" />
<xsl:apply-templates select="artist" />
</p>
<p>
<xsl:apply-templates select="title" />
<xsl:apply-templates select="artist" />
</p>
<p>
<xsl:apply-templates select="title" />
<xsl:apply-templates select="artist" />
</p>
<p>
<xsl:apply-templates select="title" />
<xsl:apply-templates select="artist" />
</p>
<p>
<xsl:apply-templates select="title" />
<xsl:apply-templates select="artist" />
</p>
<p>
<xsl:apply-templates select="title" />
<xsl:apply-templates select="artist" />
</p>
<p>
<xsl:apply-templates select="title" />
<xsl:apply-templates select="artist" />
</p>
<p>
<xsl:apply-templates select="title" />
<xsl:apply-templates select="artist" />
</p>
<p>
<xsl:apply-templates select="title" />
<xsl:apply-templates select="artist" />
</p>
</body>
</html>
