apply-templates given with no corresponding template
