The file ../files/div_inline.xml is valid wrt ../files/div.xsd
