The file ../files/personne_bad_content.xml is not valid wrt ../files/personne.xsd
