The file ../files/div_empty.xml is valid wrt ../files/div.xsd
