root directives should be stylesheet
xsl no root template found
