The file ../files/div.xml is valid wrt ../files/div.xsd
