The file ../files/complex_type.xml is valid wrt ../files/complex_type.xsd
