Namespace specified more than once. Given 2 times
