<html>
<body>
<h2>
My CD Collection
</h2>
<table border="1">
<tr bgcolor="#9acd32">
<th>
Title
</th>
<th>
Artist
</th>
</tr>
<xsl:apply-templates select="/" />
<tr>
<td>
Empire Burlesque
</td>
<td>
Bob Dylan
</td>
</tr>
<xsl:apply-templates select="/" />
<tr>
<td>
Hide your heart
</td>
<td>
Bonnie Tyler
</td>
</tr>
<xsl:apply-templates select="/" />
<tr>
<td>
Greatest Hits
</td>
<td>
Dolly Parton
</td>
</tr>
<xsl:apply-templates select="/" />
<tr>
<td>
Still got the blues
</td>
<td>
Gary Moore
</td>
</tr>
<xsl:apply-templates select="/" />
<tr>
<td>
Eros
</td>
<td>
Eros Ramazzotti
</td>
</tr>
<xsl:apply-templates select="/" />
<tr>
<td>
One night only
</td>
<td>
Bee Gees
</td>
</tr>
<xsl:apply-templates select="/" />
<tr>
<td>
Sylvias Mother
</td>
<td>
Dr.Hook
</td>
</tr>
<xsl:apply-templates select="/" />
<tr>
<td>
Maggie May
</td>
<td>
Rod Stewart
</td>
</tr>
<xsl:apply-templates select="/" />
<tr>
<td>
Romanza
</td>
<td>
Andrea Bocelli
</td>
</tr>
<xsl:apply-templates select="/" />
<tr>
<td>
When a man loves a woman
</td>
<td>
Percy Sledge
</td>
</tr>
<xsl:apply-templates select="/" />
<tr>
<td>
Black angel
</td>
<td>
Savage Rose
</td>
</tr>
<xsl:apply-templates select="/" />
<tr>
<td>
1999 Grammy Nominees
</td>
<td>
Many
</td>
</tr>
<xsl:apply-templates select="/" />
<tr>
<td>
For the good times
</td>
<td>
Kenny Rogers
</td>
</tr>
<xsl:apply-templates select="/" />
<tr>
<td>
Big Willie style
</td>
<td>
Will Smith
</td>
</tr>
<xsl:apply-templates select="/" />
<tr>
<td>
Tupelo Honey
</td>
<td>
Van Morrison
</td>
</tr>
<xsl:apply-templates select="/" />
<tr>
<td>
Soulsville
</td>
<td>
Jorn Hoel
</td>
</tr>
<xsl:apply-templates select="/" />
<tr>
<td>
The very best of
</td>
<td>
Cat Stevens
</td>
</tr>
<xsl:apply-templates select="/" />
<tr>
<td>
Stop
</td>
<td>
Sam Brown
</td>
</tr>
<xsl:apply-templates select="/" />
<tr>
<td>
Bridge of Spies
</td>
<td>
T'Pau
</td>
</tr>
<xsl:apply-templates select="/" />
<tr>
<td>
Private Dancer
</td>
<td>
Tina Turner
</td>
</tr>
<xsl:apply-templates select="/" />
<tr>
<td>
Midt om natten
</td>
<td>
Kim Larsen
</td>
</tr>
<xsl:apply-templates select="/" />
<tr>
<td>
Pavarotti Gala Concert
</td>
<td>
Luciano Pavarotti
</td>
</tr>
<xsl:apply-templates select="/" />
<tr>
<td>
The dock of the bay
</td>
<td>
Otis Redding
</td>
</tr>
<xsl:apply-templates select="/" />
<tr>
<td>
Picture book
</td>
<td>
Simply Red
</td>
</tr>
<xsl:apply-templates select="/" />
<tr>
<td>
Red
</td>
<td>
The Communards
</td>
</tr>
<xsl:apply-templates select="/" />
<tr>
<td>
Unchain my heart
</td>
<td>
Joe Cocker
</td>
</tr>
</table>
</body>
</html>
