only one apply-templates directive can be given, got 2
