xsl no root template found
only one apply-templates directive can be given, got 2