first child directives should all be template
xsl no root template found
apply-templates given with no corresponding template
